// Jest Snapshot v1, https://goo.gl/fbAQLP

exports[`ast.getFullText() should match codeExample.txt 1`] = `
"# Hello

Some *emphasis*, **importance**, and \`code\`.

---

\`\`\`javascript
console.log('!');
\`\`\`

* foo
* bar
* baz
"
`;

exports[`should query generated ast 1`] = `26`;
