// Jest Snapshot v1, https://goo.gl/fbAQLP

exports[`ast.getText() should match codeExample.txt 1`] = `
"/**
 * Paste or drop some CSS here and explore
 * the syntax tree created by chosen parser.
 * Enjoy!
 */

@media screen and (min-width: 480px) {
    body {
        background-color: lightgreen;
    }
}

#main {
    border: 1px solid black;
}

ul li {
	padding: 5px;
}
"
`;

exports[`should query generated ast 1`] = `42`;
