// Jest Snapshot v1, https://goo.gl/fbAQLP

exports[`ast.getFullText() should match codeExample.txt 1`] = `
"doctype html
html(lang='en')
  head
    title Pug
    script(type='text/javascript').
      const foo = true;
      let bar = function() {};
      if (foo) {
      bar(1 + 5)
      }
  body
    h1 Pug - node template engine
    #container.col
      p You are amazing
      p
        | Pug is a terse and simple
        | templating language with a
        | strong focus on performance
        | and powerful features.
"
`;

exports[`should query generated ast 1`] = `40`;
