// Jest Snapshot v1, https://goo.gl/fbAQLP

exports[`ast.getFullText() should match codeExample.txt 1`] = `
"# Paste or drop some GraphQL queries or schema
# definitions here and explore the syntax tree
# created by the GraphQL parser.

query GetUser($userId: ID!) {
  user(id: $userId) {
    id,
    name,
    isViewerFriend,
    profilePicture(size: 50)  {
      ...PictureFragment
    }
  }
}

fragment PictureFragment on Picture {
  uri,
  width,
  height
}
"
`;

exports[`should query generated ast 1`] = `43`;
