// Jest Snapshot v1, https://goo.gl/fbAQLP

exports[`ast.getFullText() should match codeExample.txt 1`] = `
"{
    \\"key1\\": [true, false, null],
    \\"key2\\": {
        \\"key3\\": [1, 2, \\"3\\", 1e10, 1e-3]
    }
}"
`;

exports[`should query generated ast 1`] = `20`;
