// Jest Snapshot v1, https://goo.gl/fbAQLP

exports[`ast.getFullText() should match codeExample.txt 1`] = `
"<?php

$tips = [
    \\"Click on any AST node with a '+' to expand it\\",

    \\"Hovering over a node highlights the     corresponding location in the source code\\",

    \\"Shift click on an AST node to expand the whole subtree\\"
];

function printTips() {
    global $tips;
    foreach($tips as $i => $tip) {
        echo \\"Tip $i: \\" . $tip;
    }
}
"
`;

exports[`should query generated ast 1`] = `31`;
