// Jest Snapshot v1, https://goo.gl/fbAQLP

exports[`should query generated ast 1`] = `9`;
