// Jest Snapshot v1, https://goo.gl/fbAQLP

exports[`ast.getText() should match codeExample.txt 1`] = `
"/**
 * Paste or drop some JavaScript here and explore
 * the syntax tree created by chosen parser.
 * You can use all the cool new features from ES6
 * and even more. Enjoy!
 */

let tips = [
  \\"Click on any AST node with a '+' to expand it\\",

  \\"Hovering over a node highlights the    corresponding location in the source code\\",

  \\"Shift click on an AST node to expand the whole subtree\\"
];

function printTips() {
  tips.forEach((tip, i) => console.log(\`Tip \${i}:\` + tip));
}
"
`;

exports[`should query generated ast 1`] = `32`;
