// Jest Snapshot v1, https://goo.gl/fbAQLP

exports[`ast.getText() should match codeExample.txt 1`] = `"<"`;

exports[`should query generated ast 1`] = `15`;
