// Jest Snapshot v1, https://goo.gl/fbAQLP

exports[`ast.getFullText() should match codeExample.txt 1`] = `
"name:frank OR job:engineer AND food:/marshmal+ows/
"
`;

exports[`should query generated ast 1`] = `1`;
