// Jest Snapshot v1, https://goo.gl/fbAQLP

exports[`ast.getText() should match codeExample.txt 1`] = `
"<div class=\\"entry\\">
  <h1>{{title}}</h1>
  <div class=\\"body\\">
    {{body}}
  </div>
</div>
"
`;

exports[`should query generated ast 1`] = `20`;
